******************************************************************************
                  MSP430 Linker PC v16.9.1                     
******************************************************************************
>> Linked Mon Jun 12 16:37:01 2017

OUTPUT FILE NAME:   <Dissertacao_HydroFox.out>
ENTRY POINT SYMBOL: "_c_int00_noargs_noexit"  address: 0000c4e8


MEMORY CONFIGURATION

         name            origin    length      used     unused   attr    fill
----------------------  --------  ---------  --------  --------  ----  --------
  SFR                   00000000   00000010  00000000  00000010  RWIX
  PERIPHERALS_8BIT      00000010   000000f0  00000000  000000f0  RWIX
  PERIPHERALS_16BIT     00000100   00000100  00000000  00000100  RWIX
  RAM                   00000200   00000200  000000bb  00000145  RWIX
  INFOD                 00001000   00000040  00000000  00000040  RWIX
  INFOC                 00001040   00000040  00000000  00000040  RWIX
  INFOB                 00001080   00000040  00000000  00000040  RWIX
  INFOA                 000010c0   00000040  00000000  00000040  RWIX
  FLASH                 0000c000   00003fde  000005ce  00003a10  RWIX
  BSLSIGNATURE          0000ffde   00000002  00000002  00000000  RWIX  ffff 
  INT00                 0000ffe0   00000002  00000002  00000000  RWIX
  INT01                 0000ffe2   00000002  00000000  00000002  RWIX
  INT02                 0000ffe4   00000002  00000002  00000000  RWIX
  INT03                 0000ffe6   00000002  00000002  00000000  RWIX
  INT04                 0000ffe8   00000002  00000000  00000002  RWIX
  INT05                 0000ffea   00000002  00000002  00000000  RWIX
  INT06                 0000ffec   00000002  00000002  00000000  RWIX
  INT07                 0000ffee   00000002  00000002  00000000  RWIX
  INT08                 0000fff0   00000002  00000002  00000000  RWIX
  INT09                 0000fff2   00000002  00000002  00000000  RWIX
  INT10                 0000fff4   00000002  00000002  00000000  RWIX
  INT11                 0000fff6   00000002  00000002  00000000  RWIX
  INT12                 0000fff8   00000002  00000002  00000000  RWIX
  INT13                 0000fffa   00000002  00000002  00000000  RWIX
  INT14                 0000fffc   00000002  00000002  00000000  RWIX
  RESET                 0000fffe   00000002  00000002  00000000  RWIX


SECTION ALLOCATION MAP

 output                                  attributes/
section   page    origin      length       input sections
--------  ----  ----------  ----------   ----------------
.data      0    00000200    00000069     UNINITIALIZED
                  00000200    00000021     main.obj (.data:message)
                  00000221    00000001     --HOLE--
                  00000222    0000001c     main.obj (.data:downlink)
                  0000023e    00000014     main.obj (.data)
                  00000252    00000008     main.obj (.data:alert)
                  0000025a    00000008     main.obj (.data:leak)
                  00000262    00000007     main.obj (.data:sleep)

.bss       0    0000026a    00000002     UNINITIALIZED
                  0000026a    00000002     (.common:timerCount)

.stack     0    000003b0    00000050     UNINITIALIZED
                  000003b0    00000002     rts430_eabi.lib : boot.obj (.stack)
                  000003b2    0000004e     --HOLE--

.text      0    0000c000    0000058a     
                  0000c000    000000f8     main.obj (.text:USCI0RX_ISR)
                  0000c0f8    000000ca     main.obj (.text:MakeHexMsg)
                  0000c1c2    00000096     main.obj (.text:main)
                  0000c258    0000007c     main.obj (.text:Port_1)
                  0000c2d4    0000007c     rts430_eabi.lib : copy_decompress_lzss.obj (.text:decompress:lzss:__TI_decompress_lzss)
                  0000c350    0000006e                     : autoinit.obj (.text:_auto_init)
                  0000c3be    0000005a                     : cpy_tbl.obj (.text:copy_in)
                  0000c418    00000058     main.obj (.text:Timer_A)
                  0000c470    0000004c     rts430_eabi.lib : lsr16.obj (.text)
                  0000c4bc    0000002c                     : lsl16.obj (.text)
                  0000c4e8    0000001a                     : boot_special.obj (.text:_c_int00_noargs_noexit)
                  0000c502    00000018     main.obj (.text:UARTSendArray)
                  0000c51a    00000014     rts430_eabi.lib : copy_zero_init.obj (.text:decompress:ZI:__TI_zero_init)
                  0000c52e    00000014                     : mult16.obj (.text)
                  0000c542    00000012                     : copy_decompress_none.obj (.text:decompress:none:__TI_decompress_none)
                  0000c554    00000012                     : memcpy.obj (.text:memcpy)
                  0000c566    00000010                     : epilog.obj (.text)
                  0000c576    00000008                     : isr_trap.obj (.text:_isr:__TI_ISR_TRAP)
                  0000c57e    00000006                     : exit.obj (.text:abort)
                  0000c584    00000004                     : pre_init.obj (.text:_system_pre_init)
                  0000c588    00000002                     : startup.obj (.text:_system_post_cinit)

.binit     0    0000c000    00000000     

.const     0    0000c58a    00000002     
                  0000c58a    00000002     main.obj (.const)

.cinit     0    0000c58c    00000042     
                  0000c58c    00000030     (.cinit..data.load) [load image, compression = lzss]
                  0000c5bc    00000006     (__TI_handler_table)
                  0000c5c2    00000004     (.cinit..bss.load) [load image, compression = zero_init]
                  0000c5c6    00000008     (__TI_cinit_table)

.init_array 
*          0    0000c000    00000000     UNINITIALIZED

TRAPINT    0    0000ffe0    00000002     
                  0000ffe0    00000002     rts430_eabi.lib : int00.obj (.int00)

PORT1      0    0000ffe4    00000002     
                  0000ffe4    00000002     main.obj (.int02)

PORT2      0    0000ffe6    00000002     
                  0000ffe6    00000002     rts430_eabi.lib : int03.obj (.int03)

$fill000   0    0000ffde    00000002     
                  0000ffde    00000002     --HOLE-- [fill = ffff]

ADC10      0    0000ffea    00000002     
                  0000ffea    00000002     rts430_eabi.lib : int05.obj (.int05)

USCIAB0TX 
*          0    0000ffec    00000002     
                  0000ffec    00000002     rts430_eabi.lib : int06.obj (.int06)

USCIAB0RX 
*          0    0000ffee    00000002     
                  0000ffee    00000002     main.obj (.int07)

TIMER0_A1 
*          0    0000fff0    00000002     
                  0000fff0    00000002     rts430_eabi.lib : int08.obj (.int08)

TIMER0_A0 
*          0    0000fff2    00000002     
                  0000fff2    00000002     main.obj (.int09)

WDT        0    0000fff4    00000002     
                  0000fff4    00000002     rts430_eabi.lib : int10.obj (.int10)

COMPARATORA 
*          0    0000fff6    00000002     
                  0000fff6    00000002     rts430_eabi.lib : int11.obj (.int11)

TIMER1_A1 
*          0    0000fff8    00000002     
                  0000fff8    00000002     rts430_eabi.lib : int12.obj (.int12)

TIMER1_A0 
*          0    0000fffa    00000002     
                  0000fffa    00000002     rts430_eabi.lib : int13.obj (.int13)

NMI        0    0000fffc    00000002     
                  0000fffc    00000002     rts430_eabi.lib : int14.obj (.int14)

.reset     0    0000fffe    00000002     
                  0000fffe    00000002     rts430_eabi.lib : boot.obj (.reset)

MODULE SUMMARY

       Module                     code   ro data   rw data
       ------                     ----   -------   -------
    .\
       main.obj                   836    8         106    
    +--+--------------------------+------+---------+---------+
       Total:                     836    8         106    
                                                          
    C:\ti\ccsv7\tools\compiler\ti-cgt-msp430_16.9.1.LTS\lib\rts430_eabi.lib
       copy_decompress_lzss.obj   124    0         0      
       autoinit.obj               110    0         0      
       cpy_tbl.obj                90     0         0      
       lsr16.obj                  76     0         0      
       lsl16.obj                  44     0         0      
       boot_special.obj           26     0         0      
       copy_zero_init.obj         20     0         0      
       mult16.obj                 20     0         0      
       copy_decompress_none.obj   18     0         0      
       memcpy.obj                 18     0         0      
       epilog.obj                 16     0         0      
       isr_trap.obj               8      0         0      
       exit.obj                   6      0         0      
       pre_init.obj               4      0         0      
       boot.obj                   0      2         0      
       int00.obj                  0      2         0      
       int03.obj                  0      2         0      
       int05.obj                  0      2         0      
       int06.obj                  0      2         0      
       int08.obj                  0      2         0      
       int10.obj                  0      2         0      
       int11.obj                  0      2         0      
       int12.obj                  0      2         0      
       int13.obj                  0      2         0      
       int14.obj                  0      2         0      
       startup.obj                2      0         0      
    +--+--------------------------+------+---------+---------+
       Total:                     582    22        0      
                                                          
       Stack:                     0      0         80     
       Linker Generated:          0      66        0      
    +--+--------------------------+------+---------+---------+
       Grand Total:               1418   96        186    


LINKER GENERATED COPY TABLES

__TI_cinit_table @ 0000c5c6 records: 2, size/record: 4, table size: 8
	.data: load addr=0000c58c, load size=00000030 bytes, run addr=00000200, run size=00000069 bytes, compression=lzss
	.bss: load addr=0000c5c2, load size=00000004 bytes, run addr=0000026a, run size=00000002 bytes, compression=zero_init


LINKER GENERATED HANDLER TABLE

__TI_handler_table @ 0000c5bc records: 3, size/record: 2, table size: 6
	index: 0, handler: __TI_zero_init
	index: 1, handler: __TI_decompress_lzss
	index: 2, handler: __TI_decompress_none


GLOBAL SYMBOLS: SORTED ALPHABETICALLY BY Name 

address   name                    
-------   ----                    
0000004a  ADC10AE0                
000001b0  ADC10CTL0               
000001b2  ADC10CTL1               
00000048  ADC10DTC0               
00000049  ADC10DTC1               
000001b4  ADC10MEM                
000001bc  ADC10SA                 
00000057  BCSCTL1                 
00000058  BCSCTL2                 
00000053  BCSCTL3                 
0000c57e  C$$EXIT                 
00000059  CACTL1                  
0000005a  CACTL2                  
000010fb  CALBC1_12MHZ            
000010f9  CALBC1_16MHZ            
000010ff  CALBC1_1MHZ             
000010fd  CALBC1_8MHZ             
000010fa  CALDCO_12MHZ            
000010f8  CALDCO_16MHZ            
000010fe  CALDCO_1MHZ             
000010fc  CALDCO_8MHZ             
0000005b  CAPD                    
00000056  DCOCTL                  
00000128  FCTL1                   
0000012a  FCTL2                   
0000012c  FCTL3                   
00000000  IE1                     
00000001  IE2                     
00000002  IFG1                    
00000003  IFG2                    
00000244  LEAK                    
00000246  LEAK_VALUE              
0000c58a  LITRO                   
0000024c  LiterCount              
00000242  MODE                    
0000c0f8  MakeHexMsg              
00000022  P1DIR                   
00000025  P1IE                    
00000024  P1IES                   
00000023  P1IFG                   
00000020  P1IN                    
00000021  P1OUT                   
00000027  P1REN                   
00000026  P1SEL                   
00000041  P1SEL2                  
0000002a  P2DIR                   
0000002d  P2IE                    
0000002c  P2IES                   
0000002b  P2IFG                   
00000028  P2IN                    
00000029  P2OUT                   
0000002f  P2REN                   
0000002e  P2SEL                   
00000042  P2SEL2                  
0000001a  P3DIR                   
00000018  P3IN                    
00000019  P3OUT                   
00000010  P3REN                   
0000001b  P3SEL                   
00000043  P3SEL2                  
0000c258  Port_1                  
0000023e  SAVE                    
00000172  TA0CCR0                 
00000174  TA0CCR1                 
00000176  TA0CCR2                 
00000162  TA0CCTL0                
00000164  TA0CCTL1                
00000166  TA0CCTL2                
00000160  TA0CTL                  
0000012e  TA0IV                   
00000170  TA0R                    
00000192  TA1CCR0                 
00000194  TA1CCR1                 
00000196  TA1CCR2                 
00000182  TA1CCTL0                
00000184  TA1CCTL1                
00000186  TA1CCTL2                
00000180  TA1CTL                  
0000011e  TA1IV                   
00000190  TA1R                    
000010db  TLV_ADC10_1_LEN         
000010da  TLV_ADC10_1_TAG         
000010c0  TLV_CHECKSUM            
000010f7  TLV_DCO_30_LEN          
000010f6  TLV_DCO_30_TAG          
0000c418  Timer_A                 
0000c502  UARTSendArray           
0000005d  UCA0ABCTL               
00000062  UCA0BR0                 
00000063  UCA0BR1                 
00000060  UCA0CTL0                
00000061  UCA0CTL1                
0000005f  UCA0IRRCTL              
0000005e  UCA0IRTCTL              
00000064  UCA0MCTL                
00000066  UCA0RXBUF               
00000065  UCA0STAT                
00000067  UCA0TXBUF               
0000006a  UCB0BR0                 
0000006b  UCB0BR1                 
00000068  UCB0CTL0                
00000069  UCB0CTL1                
0000006c  UCB0I2CIE               
00000118  UCB0I2COA               
0000011a  UCB0I2CSA               
0000006e  UCB0RXBUF               
0000006d  UCB0STAT                
0000006f  UCB0TXBUF               
0000c000  USCI0RX_ISR             
00000120  WDTCTL                  
00000400  __STACK_END             
00000050  __STACK_SIZE            
UNDEFED   __TI_BINIT_Base         
UNDEFED   __TI_BINIT_Limit        
0000c5c6  __TI_CINIT_Base         
0000c5ce  __TI_CINIT_Limit        
0000c5bc  __TI_Handler_Table_Base 
0000c5c2  __TI_Handler_Table_Limit
UNDEFED   __TI_INITARRAY_Base     
UNDEFED   __TI_INITARRAY_Limit    
0000c576  __TI_ISR_TRAP           
0000c2d4  __TI_decompress_lzss    
0000c542  __TI_decompress_none    
0000ffe0  __TI_int00              
0000ffe4  __TI_int02              
0000ffe6  __TI_int03              
0000ffea  __TI_int05              
0000ffec  __TI_int06              
0000ffee  __TI_int07              
0000fff0  __TI_int08              
0000fff2  __TI_int09              
0000fff4  __TI_int10              
0000fff6  __TI_int11              
0000fff8  __TI_int12              
0000fffa  __TI_int13              
0000fffc  __TI_int14              
ffffffff  __TI_pprof_out_hndl     
ffffffff  __TI_prof_data_size     
ffffffff  __TI_prof_data_start    
0000c51a  __TI_zero_init          
ffffffff  __c_args__              
0000c572  __mspabi_func_epilog_1  
0000c570  __mspabi_func_epilog_2  
0000c56e  __mspabi_func_epilog_3  
0000c56c  __mspabi_func_epilog_4  
0000c56a  __mspabi_func_epilog_5  
0000c568  __mspabi_func_epilog_6  
0000c566  __mspabi_func_epilog_7  
0000c52e  __mspabi_mpyi           
0000c52e  __mspabi_mpyi_sw        
0000c4bc  __mspabi_slli           
0000c4e4  __mspabi_slli_1         
0000c4d2  __mspabi_slli_10        
0000c4d0  __mspabi_slli_11        
0000c4ce  __mspabi_slli_12        
0000c4cc  __mspabi_slli_13        
0000c4ca  __mspabi_slli_14        
0000c4c8  __mspabi_slli_15        
0000c4e2  __mspabi_slli_2         
0000c4e0  __mspabi_slli_3         
0000c4de  __mspabi_slli_4         
0000c4dc  __mspabi_slli_5         
0000c4da  __mspabi_slli_6         
0000c4d8  __mspabi_slli_7         
0000c4d6  __mspabi_slli_8         
0000c4d4  __mspabi_slli_9         
0000c470  __mspabi_srli           
0000c4b6  __mspabi_srli_1         
0000c492  __mspabi_srli_10        
0000c48e  __mspabi_srli_11        
0000c48a  __mspabi_srli_12        
0000c486  __mspabi_srli_13        
0000c482  __mspabi_srli_14        
0000c47e  __mspabi_srli_15        
0000c4b2  __mspabi_srli_2         
0000c4ae  __mspabi_srli_3         
0000c4aa  __mspabi_srli_4         
0000c4a6  __mspabi_srli_5         
0000c4a2  __mspabi_srli_6         
0000c49e  __mspabi_srli_7         
0000c49a  __mspabi_srli_8         
0000c496  __mspabi_srli_9         
0000c350  _auto_init              
0000c4e8  _c_int00_noargs_noexit  
0000fffe  _reset_vector           
000003b0  _stack                  
0000c588  _system_post_cinit      
0000c584  _system_pre_init        
0000c57e  abort                   
00000252  alert                   
00000248  alertSent               
0000c3be  copy_in                 
0000024a  count                   
00000222  downlink                
0000024e  i                       
00000250  ii                      
0000025a  leak                    
0000c1c2  main                    
0000c554  memcpy                  
00000200  message                 
00000262  sleep                   
0000026a  timerCount              


GLOBAL SYMBOLS: SORTED BY Symbol Address 

address   name                    
-------   ----                    
00000000  IE1                     
00000001  IE2                     
00000002  IFG1                    
00000003  IFG2                    
00000010  P3REN                   
00000018  P3IN                    
00000019  P3OUT                   
0000001a  P3DIR                   
0000001b  P3SEL                   
00000020  P1IN                    
00000021  P1OUT                   
00000022  P1DIR                   
00000023  P1IFG                   
00000024  P1IES                   
00000025  P1IE                    
00000026  P1SEL                   
00000027  P1REN                   
00000028  P2IN                    
00000029  P2OUT                   
0000002a  P2DIR                   
0000002b  P2IFG                   
0000002c  P2IES                   
0000002d  P2IE                    
0000002e  P2SEL                   
0000002f  P2REN                   
00000041  P1SEL2                  
00000042  P2SEL2                  
00000043  P3SEL2                  
00000048  ADC10DTC0               
00000049  ADC10DTC1               
0000004a  ADC10AE0                
00000050  __STACK_SIZE            
00000053  BCSCTL3                 
00000056  DCOCTL                  
00000057  BCSCTL1                 
00000058  BCSCTL2                 
00000059  CACTL1                  
0000005a  CACTL2                  
0000005b  CAPD                    
0000005d  UCA0ABCTL               
0000005e  UCA0IRTCTL              
0000005f  UCA0IRRCTL              
00000060  UCA0CTL0                
00000061  UCA0CTL1                
00000062  UCA0BR0                 
00000063  UCA0BR1                 
00000064  UCA0MCTL                
00000065  UCA0STAT                
00000066  UCA0RXBUF               
00000067  UCA0TXBUF               
00000068  UCB0CTL0                
00000069  UCB0CTL1                
0000006a  UCB0BR0                 
0000006b  UCB0BR1                 
0000006c  UCB0I2CIE               
0000006d  UCB0STAT                
0000006e  UCB0RXBUF               
0000006f  UCB0TXBUF               
00000118  UCB0I2COA               
0000011a  UCB0I2CSA               
0000011e  TA1IV                   
00000120  WDTCTL                  
00000128  FCTL1                   
0000012a  FCTL2                   
0000012c  FCTL3                   
0000012e  TA0IV                   
00000160  TA0CTL                  
00000162  TA0CCTL0                
00000164  TA0CCTL1                
00000166  TA0CCTL2                
00000170  TA0R                    
00000172  TA0CCR0                 
00000174  TA0CCR1                 
00000176  TA0CCR2                 
00000180  TA1CTL                  
00000182  TA1CCTL0                
00000184  TA1CCTL1                
00000186  TA1CCTL2                
00000190  TA1R                    
00000192  TA1CCR0                 
00000194  TA1CCR1                 
00000196  TA1CCR2                 
000001b0  ADC10CTL0               
000001b2  ADC10CTL1               
000001b4  ADC10MEM                
000001bc  ADC10SA                 
00000200  message                 
00000222  downlink                
0000023e  SAVE                    
00000242  MODE                    
00000244  LEAK                    
00000246  LEAK_VALUE              
00000248  alertSent               
0000024a  count                   
0000024c  LiterCount              
0000024e  i                       
00000250  ii                      
00000252  alert                   
0000025a  leak                    
00000262  sleep                   
0000026a  timerCount              
000003b0  _stack                  
00000400  __STACK_END             
000010c0  TLV_CHECKSUM            
000010da  TLV_ADC10_1_TAG         
000010db  TLV_ADC10_1_LEN         
000010f6  TLV_DCO_30_TAG          
000010f7  TLV_DCO_30_LEN          
000010f8  CALDCO_16MHZ            
000010f9  CALBC1_16MHZ            
000010fa  CALDCO_12MHZ            
000010fb  CALBC1_12MHZ            
000010fc  CALDCO_8MHZ             
000010fd  CALBC1_8MHZ             
000010fe  CALDCO_1MHZ             
000010ff  CALBC1_1MHZ             
0000c000  USCI0RX_ISR             
0000c0f8  MakeHexMsg              
0000c1c2  main                    
0000c258  Port_1                  
0000c2d4  __TI_decompress_lzss    
0000c350  _auto_init              
0000c3be  copy_in                 
0000c418  Timer_A                 
0000c470  __mspabi_srli           
0000c47e  __mspabi_srli_15        
0000c482  __mspabi_srli_14        
0000c486  __mspabi_srli_13        
0000c48a  __mspabi_srli_12        
0000c48e  __mspabi_srli_11        
0000c492  __mspabi_srli_10        
0000c496  __mspabi_srli_9         
0000c49a  __mspabi_srli_8         
0000c49e  __mspabi_srli_7         
0000c4a2  __mspabi_srli_6         
0000c4a6  __mspabi_srli_5         
0000c4aa  __mspabi_srli_4         
0000c4ae  __mspabi_srli_3         
0000c4b2  __mspabi_srli_2         
0000c4b6  __mspabi_srli_1         
0000c4bc  __mspabi_slli           
0000c4c8  __mspabi_slli_15        
0000c4ca  __mspabi_slli_14        
0000c4cc  __mspabi_slli_13        
0000c4ce  __mspabi_slli_12        
0000c4d0  __mspabi_slli_11        
0000c4d2  __mspabi_slli_10        
0000c4d4  __mspabi_slli_9         
0000c4d6  __mspabi_slli_8         
0000c4d8  __mspabi_slli_7         
0000c4da  __mspabi_slli_6         
0000c4dc  __mspabi_slli_5         
0000c4de  __mspabi_slli_4         
0000c4e0  __mspabi_slli_3         
0000c4e2  __mspabi_slli_2         
0000c4e4  __mspabi_slli_1         
0000c4e8  _c_int00_noargs_noexit  
0000c502  UARTSendArray           
0000c51a  __TI_zero_init          
0000c52e  __mspabi_mpyi           
0000c52e  __mspabi_mpyi_sw        
0000c542  __TI_decompress_none    
0000c554  memcpy                  
0000c566  __mspabi_func_epilog_7  
0000c568  __mspabi_func_epilog_6  
0000c56a  __mspabi_func_epilog_5  
0000c56c  __mspabi_func_epilog_4  
0000c56e  __mspabi_func_epilog_3  
0000c570  __mspabi_func_epilog_2  
0000c572  __mspabi_func_epilog_1  
0000c576  __TI_ISR_TRAP           
0000c57e  C$$EXIT                 
0000c57e  abort                   
0000c584  _system_pre_init        
0000c588  _system_post_cinit      
0000c58a  LITRO                   
0000c5bc  __TI_Handler_Table_Base 
0000c5c2  __TI_Handler_Table_Limit
0000c5c6  __TI_CINIT_Base         
0000c5ce  __TI_CINIT_Limit        
0000ffe0  __TI_int00              
0000ffe4  __TI_int02              
0000ffe6  __TI_int03              
0000ffea  __TI_int05              
0000ffec  __TI_int06              
0000ffee  __TI_int07              
0000fff0  __TI_int08              
0000fff2  __TI_int09              
0000fff4  __TI_int10              
0000fff6  __TI_int11              
0000fff8  __TI_int12              
0000fffa  __TI_int13              
0000fffc  __TI_int14              
0000fffe  _reset_vector           
ffffffff  __TI_pprof_out_hndl     
ffffffff  __TI_prof_data_size     
ffffffff  __TI_prof_data_start    
ffffffff  __c_args__              
UNDEFED   __TI_BINIT_Base         
UNDEFED   __TI_BINIT_Limit        
UNDEFED   __TI_INITARRAY_Base     
UNDEFED   __TI_INITARRAY_Limit    

[202 symbols]
